2025-04-18 12:43:06
POST: Array
(
    [pid] => 13
    [name] => Toothpaste and mouthwash
    [price] => 250.00
    [image] => images/products/product_13_67fcb786b3256.jpg
    [qty] => 1
)


2025-04-18 12:47:07
POST: Array
(
    [pid] => 13
    [name] => Toothpaste and mouthwash
    [price] => 250.00
    [image] => images/products/product_13_67fcb786b3256.jpg
    [qty] => 1
)


2025-04-18 12:53:14
POST: Array
(
    [pid] => 13
    [name] => Toothpaste and mouthwash
    [price] => 250.00
    [image] => images/products/product_13_67fcb786b3256.jpg
    [qty] => 1
)


2025-04-18 12:56:20
POST: Array
(
    [pid] => 13
    [name] => Toothpaste and mouthwash
    [price] => 250.00
    [image] => images/products/product_13_67fcb786b3256.jpg
    [qty] => 1
)


2025-04-18 12:56:27
POST: Array
(
    [pid] => 13
    [name] => Toothpaste and mouthwash
    [price] => 250.00
    [image] => images/products/product_13_67fcb786b3256.jpg
    [qty] => 1
)


2025-04-18 12:56:32
POST: Array
(
    [pid] => 13
    [name] => Toothpaste and mouthwash
    [price] => 250.00
    [image] => images/products/product_13_67fcb786b3256.jpg
    [qty] => 1
)


2025-04-18 12:59:20
POST: Array
(
    [add_to_cart] => 1
    [pid] => 13
    [name] => Toothpaste and mouthwash
    [price] => 250.00
    [image] => images/products/product_13_67fcb786b3256.jpg
    [qty] => 1
)


2025-04-18 13:00:19
POST: Array
(
    [action] => delete_item
    [cart_id] => 41
)


2025-04-18 13:00:30
POST: Array
(
    [add_to_cart] => 1
    [pid] => 11
    [name] => 3-Ply Surgical Face Masks (Pack of 50):
    [price] => 90.00
    [image] => images/products/product_11_67fcc45358607.jpg
    [qty] => 1
)


2025-04-18 13:00:47
POST: Array
(
    [action] => update_qty
    [cart_id] => 11
    [qty] => 2
)


2025-04-18 13:00:48
POST: Array
(
    [action] => update_qty
    [cart_id] => 11
    [qty] => 3
)


2025-04-18 13:00:50
POST: Array
(
    [action] => update_qty
    [cart_id] => 11
    [qty] => 4
)


2025-04-18 13:00:59
POST: Array
(
    [action] => delete_item
    [cart_id] => 42
)


2025-04-18 13:01:12
POST: Array
(
    [action] => update_qty
    [cart_id] => 11
    [qty] => 3
)


2025-04-18 13:01:12
POST: Array
(
    [action] => update_qty
    [cart_id] => 11
    [qty] => 2
)


2025-04-18 13:01:13
POST: Array
(
    [action] => update_qty
    [cart_id] => 11
    [qty] => 1
)


2025-04-18 13:01:14
POST: Array
(
    [action] => update_qty
    [cart_id] => 11
    [qty] => 1
)


2025-04-18 13:02:41
POST: Array
(
    [action] => update_qty
    [cart_id] => 11
    [qty] => 2
)


2025-04-18 13:07:51
POST: Array
(
    [apply_coupon] => 1
    [coupon_code] => 1044
)


2025-04-18 13:08:19
POST: Array
(
    [apply_coupon] => 1
    [coupon_code] => 1044
)


2025-04-18 13:12:16
POST: Array
(
    [apply_coupon] => 1
    [coupon_code] => 1044
)


2025-04-18 13:13:29
POST: Array
(
    [action] => delete_item
    [cart_id] => 45
)


2025-04-18 13:13:35
POST: Array
(
    [action] => delete_item
    [cart_id] => 44
)


2025-04-18 13:13:41
POST: Array
(
    [apply_coupon] => 1
    [coupon_code] => 1044
)


2025-04-18 13:26:13
POST: Array
(
    [apply_coupon] => 1
    [coupon_code] => 1044
)


2025-04-18 13:26:37
POST: Array
(
    [action] => update_qty
    [cart_id] => 10
    [qty] => 2
)


2025-04-18 13:26:40
POST: Array
(
    [action] => update_qty
    [cart_id] => 10
    [qty] => 1
)


2025-04-18 13:26:45
POST: Array
(
    [action] => update_qty
    [cart_id] => 10
    [qty] => 1
)


2025-04-22 11:37:21
POST: Array
(
    [add_to_cart] => 1
    [pid] => 13
    [name] => Toothpaste and mouthwash
    [price] => 250.00
    [image] => images/products/product_13_67fcb786b3256.jpg
    [qty] => 1
)


2025-04-22 11:37:26
POST: Array
(
    [add_to_cart] => 1
    [pid] => 13
    [name] => Toothpaste and mouthwash
    [price] => 250.00
    [image] => images/products/product_13_67fcb786b3256.jpg
    [qty] => 1
)


2025-04-22 11:37:32
POST: Array
(
    [add_to_cart] => 1
    [pid] => 11
    [name] => 3-Ply Surgical Face Masks (Pack of 50):
    [price] => 90.00
    [image] => images/products/product_11_67fcc45358607.jpg
    [qty] => 1
)


2025-04-22 11:37:38
POST: Array
(
    [add_to_cart] => 1
    [pid] => 11
    [name] => 3-Ply Surgical Face Masks (Pack of 50):
    [price] => 90.00
    [image] => images/products/product_11_67fcc45358607.jpg
    [qty] => 1
)


2025-04-22 15:37:30
POST: Array
(
    [pid] => 6
    [name] => double crank abs bed
    [price] => 10000.00
    [image] => images/products/product_6_67fcc4b8240b4.jpg
    [add_to_cart] => 1
)


2025-04-22 15:37:44
POST: Array
(
    [pid] => 7
    [name] => oxygen regulator
    [price] => 6000.00
    [image] => images/products/product_7_67fcd9f3a6303.jpg
    [add_to_cart] => 1
)


2025-04-22 15:37:50
POST: Array
(
    [pid] => 13
    [name] => Toothpaste and mouthwash
    [price] => 345.00
    [image] => images/products/product_13_67fcb786b3256.jpg
    [add_to_cart] => 1
)


2025-04-22 15:37:56
POST: Array
(
    [add_to_cart] => 1
    [pid] => 13
    [name] => Toothpaste and mouthwash
    [price] => 250.00
    [image] => images/products/product_13_67fcb786b3256.jpg
)


2025-04-22 15:38:08
POST: Array
(
    [action] => update_qty
    [cart_id] => 13
    [qty] => 2
)


2025-04-22 15:38:13
POST: Array
(
    [action] => update_qty
    [cart_id] => 11
    [qty] => 2
)


2025-04-22 15:38:16
POST: Array
(
    [action] => update_qty
    [cart_id] => 7
    [qty] => 2
)


